
   PASS  Tests\Unit\WhatsAppServiceTest
  ✓ it phone number is formatted correctly with whatsapp prefix          0.30s  
  ✓ it phone number with existing 52 prefix is not duplicated            0.16s  
  ✓ it twilio exception is caught and logged without propagating         0.17s  

   PASS  Tests\Feature\WhatsApp\AppointmentConfirmationTest
  ✓ it whatsapp confirmation is sent when appointment is created         0.94s  
  ✓ it appointment is saved even if whatsapp service throws exception    0.55s  
  ✓ it whatsapp confirmation receives correct phone from patient user    0.54s  

   PASS  Tests\Feature\WhatsApp\SendAppointmentRemindersTest
  ✓ it command sends reminders only for tomorrow's programado appointme… 0.29s  
  ✓ it command outputs zero when no appointments tomorrow                0.26s  
  ✓ it command sends reminder with correct patient phone and doctor nam… 0.27s  

  Tests:    9 passed (20 assertions)
  Duration: 3.79s

